// Jest Snapshot v1, https://goo.gl/fbAQLP

exports[`Deserializer deserializes a file system example into an object graph 1`] = `
[
  {
    "children": [
      {
        "children": [
          {
            "id": 4,
            "name": "README.md",
          },
          {
            "children": [],
            "id": 5,
            "name": "juha",
          },
        ],
        "id": 2,
        "name": "home",
      },
      {
        "id": 3,
        "name": "swapfile",
      },
    ],
    "id": 1,
    "name": "root",
  },
]
`;

exports[`Deserializer deserializes the jsonapi.org example into an object graph 1`] = `
[
  {
    "author": {
      "firstName": "Dan",
      "id": 9,
      "lastName": "Gebhardt",
      "twitter": "dgeb",
    },
    "comments": [
      {
        "author": {
          "firstName": "John",
          "id": 2,
          "lastName": "Doe",
          "twitter": "jdoe",
        },
        "body": "First!",
        "id": 5,
      },
      {
        "author": {
          "firstName": "Dan",
          "id": 9,
          "lastName": "Gebhardt",
          "twitter": "dgeb",
        },
        "body": "I like XML better",
        "id": 12,
      },
    ],
    "id": 1,
    "title": "JSON:API paints my bikeshed!",
  },
]
`;

exports[`Deserializer deserializes the second file system example (single entity) into an object graph 1`] = `
{
  "children": [
    {
      "children": [
        {
          "id": 4,
          "name": "README.md",
        },
        {
          "children": [],
          "id": 5,
          "name": "juha",
        },
      ],
      "id": 2,
      "name": "home",
    },
    {
      "id": 3,
      "name": "swapfile",
    },
  ],
  "id": 1,
  "name": "root",
}
`;

exports[`Deserializer deserializes the second jsonapi.org example (without relationships but with relationships.*.links and data:null) into an object graph 1`] = `
[
  {
    "author": null,
    "comments": [],
    "id": 1,
    "title": "JSON:API paints my bikeshed!",
  },
]
`;

exports[`Deserializer deserializes the third file system example (single entity with relationships.children.links) into an object graph 1`] = `
{
  "children": [],
  "id": 1,
  "name": "root",
}
`;

exports[`Deserializer skipUnkownEntities = true does not throw an error when serializer is not found for entity and save the unknown entity type when deserializing array 1`] = `
[
  {
    "children": [
      {
        "children": [
          {
            "id": 4,
            "name": "README.md",
          },
          {
            "children": [],
            "id": 5,
            "name": "juha",
          },
        ],
        "id": 2,
        "name": "home",
      },
      {
        "id": 3,
        "name": "swapfile",
      },
    ],
    "id": 1,
    "name": "root",
  },
]
`;

exports[`Deserializer skipUnkownEntities = true does not throw an error when serializer is not found for entity and save the unknown entity type when deserializing object 1`] = `
{
  "children": [
    {
      "children": [
        {
          "id": 4,
          "name": "README.md",
        },
        {
          "children": [],
          "id": 5,
          "name": "juha",
        },
      ],
      "id": 2,
      "name": "home",
    },
    {
      "id": 3,
      "name": "swapfile",
    },
  ],
  "id": 1,
  "name": "root",
}
`;
